<greet> -> xin chào
<greet> -> chào
<greet> -> hi
<greet> -> hello
<greet> -> chào bot
<greet> -> chào bạn
<greet> -> bot ơi
<goodbye> -> tạm_biệt
<goodbye> -> hẹn gặp lại
<goodbye> -> bye
<goodbye> -> goodbye
<goodbye> -> chúc bạn một ngày tốt_lành
<goodbye> -> bye bye
<bot_challenge> -> bạn là bot phải không ?
<bot_challenge> -> bạn là người phải không ?
<bot_challenge> -> tôi đang nói_chuyện với một con bot phải không ?
<bot_challenge> -> tôi đang nói_chuyện với người phải không ?
<bot_challenge> -> mày là bot hả ?
<bot_challenge> -> bot hay người ?
<ask_name> -> bạn tên là gì ?
<ask_name> -> mày tên là gì ?
<ask_name> -> tên mày là gì ?
<ask_name> -> bạn tên là gì thế ?
<ask_name> -> tên gì ?
<ask_age> -> Bạn bao_nhiêu tuổi ?
<ask_age> -> bao tuổi rồi ?
<ask_age> -> bao tuổi ?
<ask_age> -> mấy tuổi ?
<ask_gender> -> giới_tính của bạn là gì ?
<ask_gender> -> bạn là nam hay nữ ?
<ask_gender> -> mày là đực hay cái ?
<ask_gender> -> bạn là trai hay gái ?
<ask_gender> -> mày là con_gái hả ?
<ask_gender> -> mày là con_trai hả ?
<ask_ability> -> Mày có_thể làm được những gì ?
<ask_ability> -> Bạn có_thể làm được những gì ?
<ask_ability> -> Bạn có những tính_năng gì ?
<ask_ability> -> Mày có những tính_năng gì ?
<ask_ability> -> Mày có những chức_năng gì ?
<ask_current_date> -> Hôm_nay là thứ mấy ?
<ask_current_date> -> Hôm_nay là thứ mấy nhỉ ?
<ask_current_date> -> nay là thứ mấy ?
<ask_current_date_ex> -> Hôm_nay là ngày bao_nhiêu ?
<ask_current_date_ex> -> Nay là ngày bao_nhiêu ?
<ask_current_date_ex> -> ngày mấy ?
<ask_current_date_ex> -> ngày bao_nhiêu ?
<ask_current_time> -> mấy giờ rồi ?
<ask_current_time> -> mấy giờ rồi nhỉ ?
<ask_current_time> -> bây_giờ là mấy giờ đấy ?
<ask_current_time> -> giờ là lúc_nào nhỉ ?
<thank_you> -> cảm_ơn
<thank_you> -> cám_ơn
<thank_you> -> thank
<thank_you> -> thank you
<thank_you> -> cảm_ơn nhiều
<other> -> thế à
<other> -> thế_á
<other> -> uh
<other> -> uhm
<other> -> oh
<other> -> ok
<create_account> -> tôi muốn mở tài_khoản
<create_account> -> mình muốn mở tài_khoản
<create_account> -> ad ơi mình muốn mở tài_khoản thì cần những gì nhỉ ?
<create_account> -> bạn ơi mình muốn mở tài_khoản
<create_account> -> tôi cần tạo tài_khoản mới
<create_account> -> ad ơi giúp mình tạo tài_khoản mới với
<create_account> -> mình cần tạo một tài_khoản chứng_khoán mới
<cancel_create_account> -> hủy
<cancel_create_account> -> cancel
<create_personal_account> -> tài_khoản cá_nhân
<create_personal_account> -> tk cá_nhân
<create_business_account> -> tài_khoản doanh_nghiệp
<create_business_account> -> tk doanh_nghiệp
<user_give_your_name> -> đây nhé Trần Công_Minh
<user_give_your_name> -> Nguyễn_Huy_Phương
<user_give_your_name> -> Nguyễn Tiến_Thiện
<user_give_your_name> -> Trần_Thanh_Tùng nhé
<user_give_your_name> -> đây bạn Nguyễn_Tuấn_Anh
<user_give_your_address> -> [Phạm:B_address] [Ngọc_Thạch:B_address] , [Đống_Đa:B_address] , [Hà_Nội:B_address]
<user_give_your_address> -> đây nhé [Nam_Tiến:B_address] , [Phú_Xuyên:B_address] , [Hà_Nội:B_address]
<user_give_your_address> -> [65:B_address] [Cảm_Hội:B_address] , [Hai:B_address] [Bà:B_address] [Trưng:B_address] , [Hà_Nội:B_address] ạ
<user_give_your_address> -> địa_chỉ của mình [275:B_address] [Nguyễn_Trãi:B_address] , [Thanh_Xuân_Trung:B_address] , [Thanh_Xuân:B_address] , [Hà_Nội:B_address]
<user_give_your_address> -> [Cầu_Đơ:B_address] , [Hà_Cầu:B_address] , [Hà_Đông:B_address] , [Hà_Nội:B_address]
<user_give_phone_number> -> 0977388756
<user_give_phone_number> -> 0935350766
<user_give_phone_number> -> 0704086787
<user_give_phone_number> -> số điện_thoại mình đây nhé 0969466299
<user_give_phone_number> -> đây nhé 0353229378
<user_give_phone_number> -> sđt 0985281439
